2026-08-14 13:51:29 - ArithmethicApp - DEBUG - Subtracting 15 - 10 = 5
2026-08-14 13:51:29 - ArithmethicApp - DEBUG - Multiplying 10 *20 = 200
2026-08-14 13:51:29 - ArithmethicApp - DEBUG - Dividing 20/10 =2.0
2026-08-14 14:00:38 - ArithmethicApp - DEBUG - Adding 10+15 = 25
2026-08-14 14:00:38 - ArithmethicApp - DEBUG - Subtracting 15 - 10 = 5
2026-08-14 14:00:38 - ArithmethicApp - DEBUG - Multiplying 10 *20 = 200
2026-08-14 14:00:38 - ArithmethicApp - DEBUG - Dividing 20/10 =2.0
2026-08-14 14:04:22 - ArithmethicApp - DEBUG - Adding 10+15 = 25
2026-08-14 14:04:22 - ArithmethicApp - DEBUG - Subtracting 15 - 10 = 5
2026-08-14 14:04:22 - ArithmethicApp - DEBUG - Multiplying 10 *20 = 200
2026-08-14 14:04:22 - ArithmethicApp - DEBUG - Dividing 20/10 =2.0
2026-08-14 14:05:49 - ArithmethicApp - DEBUG - Adding 10+15 = 25
2026-08-14 14:05:49 - ArithmethicApp - DEBUG - Subtracting 15 - 10 = 5
2026-08-14 14:05:49 - ArithmethicApp - DEBUG - Multiplying 10 *20 = 200
2026-08-14 14:05:49 - ArithmethicApp - DEBUG - Dividing 20/10 =2.0
2026-08-14 14:10:12 - ArithmethicApp - DEBUG - Adding 10+15 = 25
2026-08-14 14:10:12 - ArithmethicApp - DEBUG - Subtracting 15 - 10 = 5
2026-08-14 14:10:12 - ArithmethicApp - DEBUG - Multiplying 10 *20 = 200
2026-08-14 14:10:12 - ArithmethicApp - DEBUG - Dividing 20/10 =2.0
2026-08-14 14:11:01 - ArithmethicApp - DEBUG - Adding 10+15 = 25
2026-08-14 14:11:01 - ArithmethicApp - DEBUG - Subtracting 15 - 10 = 5
2026-08-14 14:11:01 - ArithmethicApp - DEBUG - Multiplying 10 *20 = 200
2026-08-14 14:11:01 - ArithmethicApp - DEBUG - Dividing 20/10 =2.0
2026-08-14 14:29:08 - ArithmethicApp - DEBUG - Adding 10+15 = 25
2026-08-14 14:29:08 - ArithmethicApp - DEBUG - Subtracting 15 - 10 = 5
2026-08-14 14:29:08 - ArithmethicApp - DEBUG - Multiplying 10 *20 = 200
2026-08-14 14:29:08 - ArithmethicApp - DEBUG - Dividing 20/10 =2.0
2026-08-14 14:41:04 - ArithmethicApp - DEBUG - Adding 10+15 = 25
2026-08-14 14:41:04 - ArithmethicApp - DEBUG - Subtracting 15 - 10 = 5
2026-08-14 14:41:04 - ArithmethicApp - DEBUG - Multiplying 10 *20 = 200
2026-08-14 14:41:04 - ArithmethicApp - DEBUG - Dividing 20/10 =2.0
2026-08-14 14:43:13 - ArithmethicApp - DEBUG - Adding 10 + 15 = 25
2026-08-14 14:43:13 - ArithmethicApp - DEBUG - Subtracting 15 - 10 = 5
2026-08-14 14:43:13 - ArithmethicApp - DEBUG - Multiplying 10 *20 = 200
2026-08-14 14:43:13 - ArithmethicApp - DEBUG - Dividing 20/10 =2.0
2026-08-14 14:56:58 - ArithmethicApp - DEBUG - Adding 10 + 15 = 25
2026-08-14 14:56:58 - ArithmethicApp - DEBUG - Subtracting 15 - 10 = 5
2026-08-14 14:56:58 - ArithmethicApp - DEBUG - Multiplying 10 *20 = 200
2026-08-14 14:56:58 - ArithmethicApp - DEBUG - Dividing 20/10 =2.0
2026-08-14 16:01:12 - ArithmethicApp - DEBUG - Adding 10 + 15 = 25
2026-08-14 16:01:12 - ArithmethicApp - DEBUG - Subtracting 15 - 10 = 5
2026-08-14 16:01:12 - ArithmethicApp - DEBUG - Multiplying 10 *20 = 200
2026-08-14 16:01:12 - ArithmethicApp - DEBUG - Dividing 20/10 =2.0
2026-08-14 16:02:11 - ArithmethicApp - DEBUG - Adding 10 + 15 = 25
2026-08-14 16:02:11 - ArithmethicApp - DEBUG - Subtracting 15 - 10 = 5
2026-08-14 16:02:11 - ArithmethicApp - DEBUG - Multiplying 10 *20 = 200
2026-08-14 16:02:11 - ArithmethicApp - DEBUG - Dividing 20/10 =2.0
2026-08-14 16:09:12 - ArithmethicApp - DEBUG - Adding 10 + 15 = 25
2026-08-14 16:09:12 - ArithmethicApp - DEBUG - Subtracting 15 - 10 = 5
2026-08-14 16:09:12 - ArithmethicApp - DEBUG - Multiplying 10 *20 = 200
2026-08-14 16:09:12 - ArithmethicApp - DEBUG - Dividing 20/10 =2.0
2026-08-14 16:09:27 - ArithmethicApp - DEBUG - Adding 10 + 15 = 25
2026-08-14 16:09:27 - ArithmethicApp - DEBUG - Subtracting 15 - 10 = 5
2026-08-14 16:09:27 - ArithmethicApp - DEBUG - Multiplying 10 *20 = 200
2026-08-14 16:09:27 - ArithmethicApp - DEBUG - Dividing 20/10 =2.0
